
> tripgen-front@0.1.0 build
> next build

node.exe : [baseline
-browser-mapping] Th
e data in this modul
e is over two months
 old.  To ensure acc
urate Baseline data,
 please update: `npm
 i baseline-browser-
mapping@latest -D`
위치 줄:1 문자:1
+ & "C:\Program File
s\nodejs/node.exe" "
C:\Program Files\nod
ejs/node_mo ...
+ ~~~~~~~~~~~~~~~~~~
~~~~~~~~~~~~~~~~~~~~
~~~~~~~~~~~~~~~~~~~~
~~~~~~~~~~~
    + CategoryInfo  
            : NotS  
  pecified: ([bas   
 eline-brows...p    
ing@latest -D`:    S
tring) [], Rem    ot
eException
    + FullyQualifie 
   dErrorId : Nati  
  veCommandError
 
   ??Next.js 16.0.3 (Turbopack)
   - Environments: .env.local

   Creating an optimized production build ...
[baseline-browser-ma
pping] The data in t
his module is over t
wo months old.  To e
nsure accurate Basel
ine data, please upd
ate: `npm i baseline
-browser-mapping@lat
est -D`

> Build error occurr
ed
Error: Turbopack bui
ld failed with 2 err
ors:
./src/app/mypage/pag
e.js:339:6
Parsing ecmascript s
ource code failed
[0m [90m 337 |[39
m         [33m<[39
m[33m/[39m[33mdiv
[39m[33m>[39m
 [90m 338 |[39m   
    )[33m;[39m
[31m[1m>[22m[39m
[90m 339 |[39m    
 }
 [90m     |[39m   
   [31m[1m^[22m[
39m[0m

Expected '}', got '<
eof>'


./src/app/mypage/pag
e.js:339:6
Parsing ecmascript s
ource code failed
[0m [90m 337 |[39
m         [33m<[39
m[33m/[39m[33mdiv
[39m[33m>[39m
 [90m 338 |[39m   
    )[33m;[39m
[31m[1m>[22m[39m
[90m 339 |[39m    
 }
 [90m     |[39m   
   [31m[1m^[22m[
39m[0m

Expected a semicolon


    at <unknown> (./
src/app/mypage/page.
js:339:6)
    at <unknown> (./
src/app/mypage/page.
js:339:6)
